
DeepFilterNet standalone benchmark
----------------------------------
Library:                    /home/xiaohet/DeepFilterNet/target/aarch64-unknown-linux-gnu/release/libdeepfilter.so
Model:                      /home/xiaohet/DeepFilterNet/models/DeepFilterNet3_onnx.tar.gz
Input:                      synthetic tone + noise
Sample rate:                48000 Hz
Frame length:               480 samples
Frames measured:            60000
Model initialization          558.553 ms
Audio duration                600.000 s
Wall time                     317.294 s
Real-time factor                0.529 RTF
Mean frame time                 5.284 ms
Median frame time               5.253 ms
95th percentile                 5.461 ms
99th percentile                 5.945 ms
Maximum frame time             11.685 ms
Frame deadline                 10.000 ms
Deadline misses                     1 frames (0.0017%)
Process CPU / wall             99.983 % one core
Peak resident memory           41.047 MiB
Temperature before             36.998 C
Temperature after              45.764 C
Conservative real-time result: NEEDS REVIEW
Command exited with non-zero status 2
	Command being timed: "./build/deepfilter_benchmark --library /home/xiaohet/DeepFilterNet/target/aarch64-unknown-linux-gnu/release/libdeepfilter.so --model /home/xiaohet/DeepFilterNet/models/DeepFilterNet3_onnx.tar.gz --warmup 30 --duration 600 --csv deepfilter3_loaded_repeated1.csv"
	User time (seconds): 333.92
	System time (seconds): 0.05
	Percent of CPU this job got: 99%
	Elapsed (wall clock) time (h:mm:ss or m:ss): 5:34.03
	Average shared text size (kbytes): 0
	Average unshared data size (kbytes): 0
	Average stack size (kbytes): 0
	Average total size (kbytes): 0
	Maximum resident set size (kbytes): 42032
	Average resident set size (kbytes): 0
	Major (requiring I/O) page faults: 0
	Minor (reclaiming a frame) page faults: 9057
	Voluntary context switches: 1
	Involuntary context switches: 3108
	Swaps: 0
	File system inputs: 0
	File system outputs: 3152
	Socket messages sent: 0
	Socket messages received: 0
	Signals delivered: 0
	Page size (bytes): 4096
	Exit status: 2
